mode: set
github.com/pact-tg-service/internal/telegram/manager.go:26.76,32.93 1 0
github.com/pact-tg-service/internal/telegram/manager.go:32.93,34.4 1 0
github.com/pact-tg-service/internal/telegram/manager.go:39.80,45.2 4 1
github.com/pact-tg-service/internal/telegram/manager.go:48.114,51.47 2 1
github.com/pact-tg-service/internal/telegram/manager.go:51.47,54.3 2 1
github.com/pact-tg-service/internal/telegram/manager.go:56.2,68.9 7 1
github.com/pact-tg-service/internal/telegram/manager.go:69.45,70.10 1 1
github.com/pact-tg-service/internal/telegram/manager.go:70.10,72.4 1 0
github.com/pact-tg-service/internal/telegram/manager.go:73.3,73.28 1 1
github.com/pact-tg-service/internal/telegram/manager.go:74.38,76.79 2 0
github.com/pact-tg-service/internal/telegram/manager.go:77.20,79.28 2 1
github.com/pact-tg-service/internal/telegram/manager.go:84.78,87.9 3 1
github.com/pact-tg-service/internal/telegram/manager.go:87.9,90.3 2 1
github.com/pact-tg-service/internal/telegram/manager.go:92.2,100.48 5 1
github.com/pact-tg-service/internal/telegram/manager.go:100.48,101.54 1 1
github.com/pact-tg-service/internal/telegram/manager.go:101.54,103.4 1 0
github.com/pact-tg-service/internal/telegram/manager.go:103.9,105.4 1 1
github.com/pact-tg-service/internal/telegram/manager.go:107.2,107.12 1 1
github.com/pact-tg-service/internal/telegram/worker.go:33.92,54.97 8 0
github.com/pact-tg-service/internal/telegram/worker.go:54.97,57.10 2 0
github.com/pact-tg-service/internal/telegram/worker.go:58.27,58.27 0 0
github.com/pact-tg-service/internal/telegram/worker.go:59.11,60.64 1 0
github.com/pact-tg-service/internal/telegram/worker.go:62.3,62.13 1 0
github.com/pact-tg-service/internal/telegram/worker.go:66.2,78.10 4 0
github.com/pact-tg-service/internal/telegram/worker.go:85.53,87.2 1 0
github.com/pact-tg-service/internal/telegram/worker.go:93.63,95.2 1 0
github.com/pact-tg-service/internal/telegram/worker.go:104.81,108.2 2 0
github.com/pact-tg-service/internal/telegram/worker.go:111.67,113.2 1 0
github.com/pact-tg-service/internal/telegram/worker.go:116.70,118.2 1 0
github.com/pact-tg-service/internal/telegram/worker.go:121.99,123.2 1 0
github.com/pact-tg-service/internal/telegram/worker.go:126.75,128.2 1 0
github.com/pact-tg-service/internal/telegram/worker.go:131.93,133.2 1 0
github.com/pact-tg-service/internal/telegram/worker.go:135.63,137.2 1 0
github.com/pact-tg-service/internal/telegram/worker.go:140.26,141.21 1 1
github.com/pact-tg-service/internal/telegram/worker.go:141.21,145.3 3 1
github.com/pact-tg-service/internal/telegram/worker.go:147.2,147.12 1 1
github.com/pact-tg-service/internal/telegram/worker.go:147.12,149.16 1 1
github.com/pact-tg-service/internal/telegram/worker.go:149.16,151.4 1 1
github.com/pact-tg-service/internal/telegram/worker.go:152.3,161.65 4 1
github.com/pact-tg-service/internal/telegram/worker.go:161.65,162.12 1 0
github.com/pact-tg-service/internal/telegram/worker.go:163.38,164.87 1 0
github.com/pact-tg-service/internal/telegram/worker.go:165.23,166.22 1 0
github.com/pact-tg-service/internal/telegram/worker.go:167.40,168.101 1 0
github.com/pact-tg-service/internal/telegram/worker.go:170.5,170.15 1 0
github.com/pact-tg-service/internal/telegram/worker.go:174.3,177.62 2 1
github.com/pact-tg-service/internal/telegram/worker.go:177.62,180.18 2 1
github.com/pact-tg-service/internal/telegram/worker.go:180.18,183.5 2 1
github.com/pact-tg-service/internal/telegram/worker.go:185.4,186.11 2 1
github.com/pact-tg-service/internal/telegram/worker.go:186.11,188.5 1 0
github.com/pact-tg-service/internal/telegram/worker.go:190.4,190.25 1 1
github.com/pact-tg-service/internal/telegram/worker.go:190.25,192.5 1 1
github.com/pact-tg-service/internal/telegram/worker.go:192.10,195.19 3 0
github.com/pact-tg-service/internal/telegram/worker.go:195.19,197.6 1 0
github.com/pact-tg-service/internal/telegram/worker.go:200.4,204.20 3 1
github.com/pact-tg-service/internal/telegram/worker.go:208.3,208.44 1 1
github.com/pact-tg-service/internal/telegram/worker.go:208.44,210.4 1 1
github.com/pact-tg-service/internal/telegram/worker.go:210.9,212.4 1 1
github.com/pact-tg-service/internal/telegram/worker.go:217.92,221.38 3 1
github.com/pact-tg-service/internal/telegram/worker.go:221.38,223.17 2 1
github.com/pact-tg-service/internal/telegram/worker.go:223.17,225.4 1 0
github.com/pact-tg-service/internal/telegram/worker.go:226.3,226.28 1 1
github.com/pact-tg-service/internal/telegram/worker.go:227.8,232.17 3 1
github.com/pact-tg-service/internal/telegram/worker.go:232.17,234.4 1 0
github.com/pact-tg-service/internal/telegram/worker.go:235.3,235.26 1 1
github.com/pact-tg-service/internal/telegram/worker.go:235.26,237.4 1 0
github.com/pact-tg-service/internal/telegram/worker.go:239.3,240.10 2 1
github.com/pact-tg-service/internal/telegram/worker.go:240.10,242.4 1 0
github.com/pact-tg-service/internal/telegram/worker.go:243.3,243.28 1 1
github.com/pact-tg-service/internal/telegram/worker.go:246.2,251.16 2 1
github.com/pact-tg-service/internal/telegram/worker.go:251.16,253.3 1 0
github.com/pact-tg-service/internal/telegram/worker.go:256.2,256.26 1 1
github.com/pact-tg-service/internal/telegram/worker.go:257.34,258.26 1 0
github.com/pact-tg-service/internal/telegram/worker.go:259.19,260.33 1 1
github.com/pact-tg-service/internal/telegram/worker.go:260.33,261.47 1 1
github.com/pact-tg-service/internal/telegram/worker.go:261.47,262.47 1 1
github.com/pact-tg-service/internal/telegram/worker.go:262.47,264.6 1 1
github.com/pact-tg-service/internal/telegram/worker.go:269.2,269.15 1 0
github.com/pact-tg-service/internal/telegram/worker.go:273.25,276.2 2 1
github.com/pact-tg-service/internal/telegram/worker.go:279.59,280.21 1 1
github.com/pact-tg-service/internal/telegram/worker.go:280.21,282.22 2 1
github.com/pact-tg-service/internal/telegram/worker.go:282.22,284.4 1 1
github.com/pact-tg-service/internal/telegram/worker.go:285.3,285.13 1 1
github.com/pact-tg-service/internal/telegram/worker.go:287.2,289.16 3 1
github.com/pact-tg-service/internal/telegram/worker.go:289.16,291.3 1 0
github.com/pact-tg-service/internal/telegram/worker.go:292.2,293.12 2 1
github.com/pact-tg-service/internal/telegram/worker.go:296.46,298.2 1 1
github.com/pact-tg-service/internal/telegram/worker.go:300.48,302.2 1 1
